// Jest Snapshot v1, https://goo.gl/fbAQLP

exports[`renders correctly 1`] = `
<View
  style={
    Object {
      "backgroundColor": "#0009",
      "flex": 1,
    }
  }
>
  <View
    style={
      Object {
        "flex": 0,
        "flexDirection": "row",
        "padding": 8,
        "paddingTop": 30,
      }
    }
  >
    <Text
      accessible={true}
      allowFontScaling={true}
      ellipsizeMode="tail"
      style={
        Object {
          "color": "#bbb",
          "flex": 1,
          "fontSize": 16,
          "marginBottom": 8,
        }
      }
    >
      Vk
    </Text>
    <Text
      accessible={true}
      allowFontScaling={true}
      ellipsizeMode="tail"
      style={
        Object {
          "color": "#bbb",
          "flex": 2,
          "fontSize": 16,
          "marginBottom": 8,
        }
      }
    >
      Ajankohta
    </Text>
    <Text
      accessible={true}
      allowFontScaling={true}
      ellipsizeMode="tail"
      style={
        Object {
          "color": "#bbb",
          "flex": 5,
          "fontSize": 16,
          "marginBottom": 8,
          "textAlign": "center",
        }
      }
    >
      Viikon ohjelma
    </Text>
  </View>
</View>
`;
