// Jest Snapshot v1, https://goo.gl/fbAQLP

exports[`renders correctly 1`] = `
<View
  style={
    Object {
      "alignItems": "center",
      "flex": 1,
    }
  }
>
  <View
    style={
      Object {
        "margin": 16,
      }
    }
  >
    <Text
      accessible={true}
      allowFontScaling={true}
      ellipsizeMode="tail"
      style={
        Object {
          "color": "#535353",
          "fontFamily": "OpenSans-Bold",
          "fontSize": 20,
        }
      }
    >
      Harjoitusohjelma
    </Text>
    <Text
      accessible={true}
      allowFontScaling={true}
      ellipsizeMode="tail"
      style={
        Object {
          "color": "#535353",
          "fontFamily": "OpenSans-Light",
          "fontSize": 16,
        }
      }
    >
      Aseta harjoitusohjelma
    </Text>
  </View>
</View>
`;
